07:08:28 **** Incremental Build of configuration Debug for project lab2_ex3 ****
make -j12 all 
arm-none-eabi-gcc "../Core/Src/main.c" -mcpu=cortex-m3 -std=gnu11 -g3 -DDEBUG -DUSE_HAL_DRIVER -DSTM32F103x6 -c -I../Core/Inc -I../Drivers/STM32F1xx_HAL_Driver/Inc/Legacy -I../Drivers/STM32F1xx_HAL_Driver/Inc -I../Drivers/CMSIS/Device/ST/STM32F1xx/Include -I../Drivers/CMSIS/Include -O0 -ffunction-sections -fdata-sections -Wall -fstack-usage -MMD -MP -MF"Core/Src/main.d" -MT"Core/Src/main.o" --specs=nano.specs -mfloat-abi=soft -mthumb -o "Core/Src/main.o"
arm-none-eabi-gcc -o "lab2_ex3.elf" @"objects.list"   -mcpu=cortex-m3 -T"C:\Users\AdminPC\STM32CubeIDE\workspace_1.10.1\lab2_ex3\STM32F103C6TX_FLASH.ld" --specs=nosys.specs -Wl,-Map="lab2_ex3.map" -Wl,--gc-sections -static --specs=nano.specs -mfloat-abi=soft -mthumb -Wl,--start-group -lc -lm -Wl,--end-group
Finished building target: lab2_ex3.elf
 
arm-none-eabi-size   lab2_ex3.elf 
arm-none-eabi-objdump -h -S  lab2_ex3.elf  > "lab2_ex3.list"
arm-none-eabi-objcopy  -O ihex  lab2_ex3.elf  "lab2_ex3.hex"
arm-none-eabi-objcopy  -O binary  lab2_ex3.elf  "lab2_ex3.bin"
   text	   data	    bss	    dec	    hex	filename
   8600	     36	   1732	  10368	   2880	lab2_ex3.elf
Finished building: default.size.stdout
 
Finished building: lab2_ex3.bin
Finished building: lab2_ex3.hex
 
 
Finished building: lab2_ex3.list
 

07:08:29 Build Finished. 0 errors, 0 warnings. (took 954ms)

