Archive member included to satisfy reference by file (symbol)

d:/stm32cubeide_1.7.0/stm32cubeide/plugins/com.st.stm32cube.ide.mcu.externaltools.gnu-tools-for-stm32.9-2020-q2-update.win32_2.0.0.202105311346/tools/bin/../lib/gcc/arm-none-eabi/9.3.1/../../../../arm-none-eabi/lib/thumb/v7-m/nofp\libc_nano.a(lib_a-errno.o)
                              ./Core/Src/syscalls.o (__errno)
d:/stm32cubeide_1.7.0/stm32cubeide/plugins/com.st.stm32cube.ide.mcu.externaltools.gnu-tools-for-stm32.9-2020-q2-update.win32_2.0.0.202105311346/tools/bin/../lib/gcc/arm-none-eabi/9.3.1/../../../../arm-none-eabi/lib/thumb/v7-m/nofp\libc_nano.a(lib_a-exit.o)
                              d:/stm32cubeide_1.7.0/stm32cubeide/plugins/com.st.stm32cube.ide.mcu.externaltools.gnu-tools-for-stm32.9-2020-q2-update.win32_2.0.0.202105311346/tools/bin/../lib/gcc/arm-none-eabi/9.3.1/../../../../arm-none-eabi/lib/thumb/v7-m/nofp/crt0.o (exit)
d:/stm32cubeide_1.7.0/stm32cubeide/plugins/com.st.stm32cube.ide.mcu.externaltools.gnu-tools-for-stm32.9-2020-q2-update.win32_2.0.0.202105311346/tools/bin/../lib/gcc/arm-none-eabi/9.3.1/../../../../arm-none-eabi/lib/thumb/v7-m/nofp\libc_nano.a(lib_a-impure.o)
                              d:/stm32cubeide_1.7.0/stm32cubeide/plugins/com.st.stm32cube.ide.mcu.externaltools.gnu-tools-for-stm32.9-2020-q2-update.win32_2.0.0.202105311346/tools/bin/../lib/gcc/arm-none-eabi/9.3.1/../../../../arm-none-eabi/lib/thumb/v7-m/nofp\libc_nano.a(lib_a-exit.o) (_global_impure_ptr)
d:/stm32cubeide_1.7.0/stm32cubeide/plugins/com.st.stm32cube.ide.mcu.externaltools.gnu-tools-for-stm32.9-2020-q2-update.win32_2.0.0.202105311346/tools/bin/../lib/gcc/arm-none-eabi/9.3.1/../../../../arm-none-eabi/lib/thumb/v7-m/nofp\libc_nano.a(lib_a-init.o)
                              d:/stm32cubeide_1.7.0/stm32cubeide/plugins/com.st.stm32cube.ide.mcu.externaltools.gnu-tools-for-stm32.9-2020-q2-update.win32_2.0.0.202105311346/tools/bin/../lib/gcc/arm-none-eabi/9.3.1/../../../../arm-none-eabi/lib/thumb/v7-m/nofp/crt0.o (__libc_init_array)
d:/stm32cubeide_1.7.0/stm32cubeide/plugins/com.st.stm32cube.ide.mcu.externaltools.gnu-tools-for-stm32.9-2020-q2-update.win32_2.0.0.202105311346/tools/bin/../lib/gcc/arm-none-eabi/9.3.1/../../../../arm-none-eabi/lib/thumb/v7-m/nofp\libc_nano.a(lib_a-memset.o)
                              d:/stm32cubeide_1.7.0/stm32cubeide/plugins/com.st.stm32cube.ide.mcu.externaltools.gnu-tools-for-stm32.9-2020-q2-update.win32_2.0.0.202105311346/tools/bin/../lib/gcc/arm-none-eabi/9.3.1/../../../../arm-none-eabi/lib/thumb/v7-m/nofp/crt0.o (memset)

Allocating common symbols
Common symbol       size              file

timer2              0x4               ./Core/Src/fsm_run.o
uwTick              0x4               ./Drivers/STM32F1xx_HAL_Driver/Src/stm32f1xx_hal.o
pFlash              0x20              ./Drivers/STM32F1xx_HAL_Driver/Src/stm32f1xx_hal_flash.o
tempCounter         0x4               ./Core/Src/fsm_run.o
timer1              0x4               ./Core/Src/fsm_run.o
htim2               0x48              ./Core/Src/main.o

Discarded input sections

 .text          0x0000000000000000        0x0 d:/stm32cubeide_1.7.0/stm32cubeide/plugins/com.st.stm32cube.ide.mcu.externaltools.gnu-tools-for-stm32.9-2020-q2-update.win32_2.0.0.202105311346/tools/bin/../lib/gcc/arm-none-eabi/9.3.1/thumb/v7-m/nofp/crti.o
 .data          0x0000000000000000        0x0 d:/stm32cubeide_1.7.0/stm32cubeide/plugins/com.st.stm32cube.ide.mcu.externaltools.gnu-tools-for-stm32.9-2020-q2-update.win32_2.0.0.202105311346/tools/bin/../lib/gcc/arm-none-eabi/9.3.1/thumb/v7-m/nofp/crti.o
 .bss           0x0000000000000000        0x0 d:/stm32cubeide_1.7.0/stm32cubeide/plugins/com.st.stm32cube.ide.mcu.externaltools.gnu-tools-for-stm32.9-2020-q2-update.win32_2.0.0.202105311346/tools/bin/../lib/gcc/arm-none-eabi/9.3.1/thumb/v7-m/nofp/crti.o
 .data          0x0000000000000000        0x4 d:/stm32cubeide_1.7.0/stm32cubeide/plugins/com.st.stm32cube.ide.mcu.externaltools.gnu-tools-for-stm32.9-2020-q2-update.win32_2.0.0.202105311346/tools/bin/../lib/gcc/arm-none-eabi/9.3.1/thumb/v7-m/nofp/crtbegin.o
 .text          0x0000000000000000       0x7c d:/stm32cubeide_1.7.0/stm32cubeide/plugins/com.st.stm32cube.ide.mcu.externaltools.gnu-tools-for-stm32.9-2020-q2-update.win32_2.0.0.202105311346/tools/bin/../lib/gcc/arm-none-eabi/9.3.1/../../../../arm-none-eabi/lib/thumb/v7-m/nofp/crt0.o
 .data          0x0000000000000000        0x0 d:/stm32cubeide_1.7.0/stm32cubeide/plugins/com.st.stm32cube.ide.mcu.externaltools.gnu-tools-for-stm32.9-2020-q2-update.win32_2.0.0.202105311346/tools/bin/../lib/gcc/arm-none-eabi/9.3.1/../../../../arm-none-eabi/lib/thumb/v7-m/nofp/crt0.o
 .bss           0x0000000000000000        0x0 d:/stm32cubeide_1.7.0/stm32cubeide/plugins/com.st.stm32cube.ide.mcu.externaltools.gnu-tools-for-stm32.9-2020-q2-update.win32_2.0.0.202105311346/tools/bin/../lib/gcc/arm-none-eabi/9.3.1/../../../../arm-none-eabi/lib/thumb/v7-m/nofp/crt0.o
[...]
Memory Configuration

Name             Origin             Length             Attributes
RAM              0x0000000020000000 0x0000000000002800 xrw
FLASH            0x0000000008000000 0x0000000000008000 xr
*default*        0x0000000000000000 0xffffffffffffffff

Linker script and memory map

LOAD d:/stm32cubeide_1.7.0/stm32cubeide/plugins/com.st.stm32cube.ide.mcu.externaltools.gnu-tools-for-stm32.9-2020-q2-update.win32_2.0.0.202105311346/tools/bin/../lib/gcc/arm-none-eabi/9.3.1/thumb/v7-m/nofp/crti.o
LOAD d:/stm32cubeide_1.7.0/stm32cubeide/plugins/com.st.stm32cube.ide.mcu.externaltools.gnu-tools-for-stm32.9-2020-q2-update.win32_2.0.0.202105311346/tools/bin/../lib/gcc/arm-none-eabi/9.3.1/thumb/v7-m/nofp/crtbegin.o
LOAD d:/stm32cubeide_1.7.0/stm32cubeide/plugins/com.st.stm32cube.ide.mcu.externaltools.gnu-tools-for-stm32.9-2020-q2-update.win32_2.0.0.202105311346/tools/bin/../lib/gcc/arm-none-eabi/9.3.1/../../../../arm-none-eabi/lib/thumb/v7-m/nofp/crt0.o
LOAD ./Core/Src/button1.o
LOAD ./Core/Src/button2.o
LOAD ./Core/Src/button3.o
LOAD ./Core/Src/fsm_run.o
LOAD ./Core/Src/global.o
LOAD ./Core/Src/main.o
LOAD ./Core/Src/software_timer.o
LOAD ./Core/Src/stm32f1xx_hal_msp.o
LOAD ./Core/Src/stm32f1xx_it.o
LOAD ./Core/Src/syscalls.o
LOAD ./Core/Src/sysmem.o
LOAD ./Core/Src/system_stm32f1xx.o
LOAD ./Core/Startup/startup_stm32f103c6ux.o
LOAD ./Drivers/STM32F1xx_HAL_Driver/Src/stm32f1xx_hal.o
LOAD ./Drivers/STM32F1xx_HAL_Driver/Src/stm32f1xx_hal_cortex.o
LOAD ./Drivers/STM32F1xx_HAL_Driver/Src/stm32f1xx_hal_dma.o
LOAD ./Drivers/STM32F1xx_HAL_Driver/Src/stm32f1xx_hal_exti.o
LOAD ./Drivers/STM32F1xx_HAL_Driver/Src/stm32f1xx_hal_flash.o
LOAD ./Drivers/STM32F1xx_HAL_Driver/Src/stm32f1xx_hal_flash_ex.o
LOAD ./Drivers/STM32F1xx_HAL_Driver/Src/stm32f1xx_hal_gpio.o
LOAD ./Drivers/STM32F1xx_HAL_Driver/Src/stm32f1xx_hal_gpio_ex.o
LOAD ./Drivers/STM32F1xx_HAL_Driver/Src/stm32f1xx_hal_pwr.o
LOAD ./Drivers/STM32F1xx_HAL_Driver/Src/stm32f1xx_hal_rcc.o
LOAD ./Drivers/STM32F1xx_HAL_Driver/Src/stm32f1xx_hal_rcc_ex.o
LOAD ./Drivers/STM32F1xx_HAL_Driver/Src/stm32f1xx_hal_tim.o
LOAD ./Drivers/STM32F1xx_HAL_Driver/Src/stm32f1xx_hal_tim_ex.o
START GROUP
LOAD d:/stm32cubeide_1.7.0/stm32cubeide/plugins/com.st.stm32cube.ide.mcu.externaltools.gnu-tools-for-stm32.9-2020-q2-update.win32_2.0.0.202105311346/tools/bin/../lib/gcc/arm-none-eabi/9.3.1/../../../../arm-none-eabi/lib/thumb/v7-m/nofp\libc_nano.a
LOAD d:/stm32cubeide_1.7.0/stm32cubeide/plugins/com.st.stm32cube.ide.mcu.externaltools.gnu-tools-for-stm32.9-2020-q2-update.win32_2.0.0.202105311346/tools/bin/../lib/gcc/arm-none-eabi/9.3.1/../../../../arm-none-eabi/lib/thumb/v7-m/nofp\libm.a
END GROUP
START GROUP
LOAD d:/stm32cubeide_1.7.0/stm32cubeide/plugins/com.st.stm32cube.ide.mcu.externaltools.gnu-tools-for-stm32.9-2020-q2-update.win32_2.0.0.202105311346/tools/bin/../lib/gcc/arm-none-eabi/9.3.1/thumb/v7-m/nofp\libgcc.a
LOAD d:/stm32cubeide_1.7.0/stm32cubeide/plugins/com.st.stm32cube.ide.mcu.externaltools.gnu-tools-for-stm32.9-2020-q2-update.win32_2.0.0.202105311346/tools/bin/../lib/gcc/arm-none-eabi/9.3.1/../../../../arm-none-eabi/lib/thumb/v7-m/nofp\libc_nano.a
END GROUP
START GROUP
LOAD d:/stm32cubeide_1.7.0/stm32cubeide/plugins/com.st.stm32cube.ide.mcu.externaltools.gnu-tools-for-stm32.9-2020-q2-update.win32_2.0.0.202105311346/tools/bin/../lib/gcc/arm-none-eabi/9.3.1/thumb/v7-m/nofp\libgcc.a
LOAD d:/stm32cubeide_1.7.0/stm32cubeide/plugins/com.st.stm32cube.ide.mcu.externaltools.gnu-tools-for-stm32.9-2020-q2-update.win32_2.0.0.202105311346/tools/bin/../lib/gcc/arm-none-eabi/9.3.1/../../../../arm-none-eabi/lib/thumb/v7-m/nofp\libc_nano.a
LOAD d:/stm32cubeide_1.7.0/stm32cubeide/plugins/com.st.stm32cube.ide.mcu.externaltools.gnu-tools-for-stm32.9-2020-q2-update.win32_2.0.0.202105311346/tools/bin/../lib/gcc/arm-none-eabi/9.3.1/../../../../arm-none-eabi/lib/thumb/v7-m/nofp\libnosys.a
END GROUP
START GROUP
LOAD d:/stm32cubeide_1.7.0/stm32cubeide/plugins/com.st.stm32cube.ide.mcu.externaltools.gnu-tools-for-stm32.9-2020-q2-update.win32_2.0.0.202105311346/tools/bin/../lib/gcc/arm-none-eabi/9.3.1/thumb/v7-m/nofp\libgcc.a
LOAD d:/stm32cubeide_1.7.0/stm32cubeide/plugins/com.st.stm32cube.ide.mcu.externaltools.gnu-tools-for-stm32.9-2020-q2-update.win32_2.0.0.202105311346/tools/bin/../lib/gcc/arm-none-eabi/9.3.1/../../../../arm-none-eabi/lib/thumb/v7-m/nofp\libc_nano.a
LOAD d:/stm32cubeide_1.7.0/stm32cubeide/plugins/com.st.stm32cube.ide.mcu.externaltools.gnu-tools-for-stm32.9-2020-q2-update.win32_2.0.0.202105311346/tools/bin/../lib/gcc/arm-none-eabi/9.3.1/../../../../arm-none-eabi/lib/thumb/v7-m/nofp\libnosys.a
END GROUP
LOAD d:/stm32cubeide_1.7.0/stm32cubeide/plugins/com.st.stm32cube.ide.mcu.externaltools.gnu-tools-for-stm32.9-2020-q2-update.win32_2.0.0.202105311346/tools/bin/../lib/gcc/arm-none-eabi/9.3.1/thumb/v7-m/nofp/crtend.o
LOAD d:/stm32cubeide_1.7.0/stm32cubeide/plugins/com.st.stm32cube.ide.mcu.externaltools.gnu-tools-for-stm32.9-2020-q2-update.win32_2.0.0.202105311346/tools/bin/../lib/gcc/arm-none-eabi/9.3.1/thumb/v7-m/nofp/crtn.o
                0x0000000020002800                _estack = (ORIGIN (RAM) + LENGTH (RAM))
                0x0000000000000200                _Min_Heap_Size = 0x200
                0x0000000000000400                _Min_Stack_Size = 0x400

.isr_vector     0x0000000008000000      0x10c
                0x0000000008000000                . = ALIGN (0x4)
 *(.isr_vector)
 .isr_vector    0x0000000008000000      0x10c ./Core/Startup/startup_stm32f103c6ux.o
                0x0000000008000000                g_pfnVectors
                0x000000000800010c                . = ALIGN (0x4)

.text           0x000000000800010c     0x2700
                0x000000000800010c                . = ALIGN (0x4)
 *(.text)
 .text          0x000000000800010c       0x40 d:/stm32cubeide_1.7.0/stm32cubeide/plugins/com.st.stm32cube.ide.mcu.externaltools.gnu-tools-for-stm32.9-2020-q2-update.win32_2.0.0.202105311346/tools/bin/../lib/gcc/arm-none-eabi/9.3.1/thumb/v7-m/nofp/crtbegin.o
 *(.text*)
 .text.KeyInputHandler1
                0x000000000800014c       0x34 ./Core/Src/button1.o
                0x000000000800014c                KeyInputHandler1
 .text.LongKeyInputHandler1
                0x0000000008000180        0xc ./Core/Src/button1.o
                0x0000000008000180                LongKeyInputHandler1
 .text.getKeyInput1
                0x000000000800018c       0xa4 ./Core/Src/button1.o
                0x000000000800018c                getKeyInput1
 .text.KeyInputHandler2
                0x0000000008000230       0x90 ./Core/Src/button2.o
                0x0000000008000230                KeyInputHandler2
 .text.LongKeyInputHandler2
                0x00000000080002c0        0xc ./Core/Src/button2.o
                0x00000000080002c0                LongKeyInputHandler2
 .text.getKeyInput2
                0x00000000080002cc       0xa8 ./Core/Src/button2.o
                0x00000000080002cc                getKeyInput2
 .text.KeyInputHandler3
                0x0000000008000374       0x70 ./Core/Src/button3.o
                0x0000000008000374                KeyInputHandler3
 .text.LongKeyInputHandler3
                0x00000000080003e4        0xc ./Core/Src/button3.o
                0x00000000080003e4                LongKeyInputHandler3
 .text.getKeyInput3
                0x00000000080003f0       0xa8 ./Core/Src/button3.o
                0x00000000080003f0                getKeyInput3
 .text.display7SEG1
                0x0000000008000498       0x5c ./Core/Src/fsm_run.o
                0x0000000008000498                display7SEG1
 .text.display7SEG2
                0x00000000080004f4       0x5c ./Core/Src/fsm_run.o
                0x00000000080004f4                display7SEG2
 .text.update7Seg
                0x0000000008000550      0x22c ./Core/Src/fsm_run.o
                0x0000000008000550                update7Seg
 .text.seg7Blinking
                0x000000000800077c       0x48 ./Core/Src/fsm_run.o
                0x000000000800077c                seg7Blinking
 .text.fsm_run1
                0x00000000080007c4      0x2a0 ./Core/Src/fsm_run.o
                0x00000000080007c4                fsm_run1
 .text.fsm_run2
                0x0000000008000a64      0x2a0 ./Core/Src/fsm_run.o
                0x0000000008000a64                fsm_run2
 .text.main     0x0000000008000d04       0x60 ./Core/Src/main.o
                0x0000000008000d04                main
 .text.SystemClock_Config
                0x0000000008000d64       0x76 ./Core/Src/main.o
                0x0000000008000d64                SystemClock_Config
 *fill*         0x0000000008000dda        0x2 
 .text.MX_TIM2_Init
                0x0000000008000ddc       0x98 ./Core/Src/main.o
 .text.MX_GPIO_Init
                0x0000000008000e74       0xc8 ./Core/Src/main.o
 .text.HAL_TIM_PeriodElapsedCallback
                0x0000000008000f3c       0x2c ./Core/Src/main.o
                0x0000000008000f3c                HAL_TIM_PeriodElapsedCallback
 .text.Error_Handler
                0x0000000008000f68        0xa ./Core/Src/main.o
                0x0000000008000f68                Error_Handler
 *fill*         0x0000000008000f72        0x2 
 .text.setTimer1
                0x0000000008000f74       0x38 ./Core/Src/software_timer.o
                0x0000000008000f74                setTimer1
 .text.setTimer2
                0x0000000008000fac       0x38 ./Core/Src/software_timer.o
                0x0000000008000fac                setTimer2
 .text.timerRun
                0x0000000008000fe4       0x84 ./Core/Src/software_timer.o
                0x0000000008000fe4                timerRun
 .text.HAL_MspInit
                0x0000000008001068       0x64 ./Core/Src/stm32f1xx_hal_msp.o
                0x0000000008001068                HAL_MspInit
 .text.HAL_TIM_Base_MspInit
                0x00000000080010cc       0x48 ./Core/Src/stm32f1xx_hal_msp.o
                0x00000000080010cc                HAL_TIM_Base_MspInit
 .text.NMI_Handler
                0x0000000008001114        0x6 ./Core/Src/stm32f1xx_it.o
                0x0000000008001114                NMI_Handler
 .text.HardFault_Handler
                0x000000000800111a        0x6 ./Core/Src/stm32f1xx_it.o
                0x000000000800111a                HardFault_Handler
 .text.MemManage_Handler
                0x0000000008001120        0x6 ./Core/Src/stm32f1xx_it.o
                0x0000000008001120                MemManage_Handler
 .text.BusFault_Handler
                0x0000000008001126        0x6 ./Core/Src/stm32f1xx_it.o
                0x0000000008001126                BusFault_Handler
 .text.UsageFault_Handler
                0x000000000800112c        0x6 ./Core/Src/stm32f1xx_it.o
                0x000000000800112c                UsageFault_Handler
 .text.SVC_Handler
                0x0000000008001132        0xc ./Core/Src/stm32f1xx_it.o
                0x0000000008001132                SVC_Handler
 .text.DebugMon_Handler
                0x000000000800113e        0xc ./Core/Src/stm32f1xx_it.o
                0x000000000800113e                DebugMon_Handler
 .text.PendSV_Handler
                0x000000000800114a        0xc ./Core/Src/stm32f1xx_it.o
                0x000000000800114a                PendSV_Handler
 .text.SysTick_Handler
                0x0000000008001156        0xc ./Core/Src/stm32f1xx_it.o
                0x0000000008001156                SysTick_Handler
 *fill*         0x0000000008001162        0x2 
 .text.TIM2_IRQHandler
                0x0000000008001164       0x14 ./Core/Src/stm32f1xx_it.o
                0x0000000008001164                TIM2_IRQHandler
 .text.SystemInit
                0x0000000008001178        0xc ./Core/Src/system_stm32f1xx.o
                0x0000000008001178                SystemInit
 .text.Reset_Handler
                0x0000000008001184       0x48 ./Core/Startup/startup_stm32f103c6ux.o
                0x0000000008001184                Reset_Handler
 .text.Default_Handler
                0x00000000080011cc        0x2 ./Core/Startup/startup_stm32f103c6ux.o
                0x00000000080011cc                RTC_Alarm_IRQHandler
                0x00000000080011cc                EXTI2_IRQHandler
                0x00000000080011cc                TIM1_CC_IRQHandler
                0x00000000080011cc                PVD_IRQHandler
                0x00000000080011cc                EXTI3_IRQHandler
                0x00000000080011cc                EXTI0_IRQHandler
                0x00000000080011cc                ADC1_2_IRQHandler
                0x00000000080011cc                SPI1_IRQHandler
                0x00000000080011cc                TAMPER_IRQHandler
                0x00000000080011cc                DMA1_Channel4_IRQHandler
                0x00000000080011cc                RTC_IRQHandler
                0x00000000080011cc                DMA1_Channel7_IRQHandler
                0x00000000080011cc                CAN1_RX1_IRQHandler
                0x00000000080011cc                I2C1_EV_IRQHandler
                0x00000000080011cc                DMA1_Channel6_IRQHandler
                0x00000000080011cc                TIM3_IRQHandler
                0x00000000080011cc                RCC_IRQHandler
                0x00000000080011cc                TIM1_TRG_COM_IRQHandler
                0x00000000080011cc                DMA1_Channel1_IRQHandler
                0x00000000080011cc                Default_Handler
                0x00000000080011cc                EXTI15_10_IRQHandler
                0x00000000080011cc                EXTI9_5_IRQHandler
                0x00000000080011cc                DMA1_Channel5_IRQHandler
                0x00000000080011cc                EXTI4_IRQHandler
                0x00000000080011cc                USB_LP_CAN1_RX0_IRQHandler
                0x00000000080011cc                USB_HP_CAN1_TX_IRQHandler
                0x00000000080011cc                DMA1_Channel3_IRQHandler
                0x00000000080011cc                TIM1_UP_IRQHandler
                0x00000000080011cc                WWDG_IRQHandler
                0x00000000080011cc                TIM1_BRK_IRQHandler
                0x00000000080011cc                EXTI1_IRQHandler
                0x00000000080011cc                USART2_IRQHandler
                0x00000000080011cc                DMA1_Channel2_IRQHandler
                0x00000000080011cc                CAN1_SCE_IRQHandler
                0x00000000080011cc                FLASH_IRQHandler
                0x00000000080011cc                USART1_IRQHandler
                0x00000000080011cc                I2C1_ER_IRQHandler
                0x00000000080011cc                USBWakeUp_IRQHandler
 *fill*         0x00000000080011ce        0x2 
 .text.HAL_Init
                0x00000000080011d0       0x2c ./Drivers/STM32F1xx_HAL_Driver/Src/stm32f1xx_hal.o
                0x00000000080011d0                HAL_Init
 .text.HAL_InitTick
                0x00000000080011fc       0x60 ./Drivers/STM32F1xx_HAL_Driver/Src/stm32f1xx_hal.o
                0x00000000080011fc                HAL_InitTick
 .text.HAL_IncTick
                0x000000000800125c       0x24 ./Drivers/STM32F1xx_HAL_Driver/Src/stm32f1xx_hal.o
                0x000000000800125c                HAL_IncTick
 .text.HAL_GetTick
                0x0000000008001280       0x14 ./Drivers/STM32F1xx_HAL_Driver/Src/stm32f1xx_hal.o
                0x0000000008001280                HAL_GetTick
 .text.__NVIC_SetPriorityGrouping
                0x0000000008001294       0x48 ./Drivers/STM32F1xx_HAL_Driver/Src/stm32f1xx_hal_cortex.o
 .text.__NVIC_GetPriorityGrouping
                0x00000000080012dc       0x1c ./Drivers/STM32F1xx_HAL_Driver/Src/stm32f1xx_hal_cortex.o
 .text.__NVIC_EnableIRQ
                0x00000000080012f8       0x38 ./Drivers/STM32F1xx_HAL_Driver/Src/stm32f1xx_hal_cortex.o
 .text.__NVIC_SetPriority
                0x0000000008001330       0x54 ./Drivers/STM32F1xx_HAL_Driver/Src/stm32f1xx_hal_cortex.o
 .text.NVIC_EncodePriority
                0x0000000008001384       0x64 ./Drivers/STM32F1xx_HAL_Driver/Src/stm32f1xx_hal_cortex.o
 .text.SysTick_Config
                0x00000000080013e8       0x44 ./Drivers/STM32F1xx_HAL_Driver/Src/stm32f1xx_hal_cortex.o
 .text.HAL_NVIC_SetPriorityGrouping
                0x000000000800142c       0x16 ./Drivers/STM32F1xx_HAL_Driver/Src/stm32f1xx_hal_cortex.o
                0x000000000800142c                HAL_NVIC_SetPriorityGrouping
 .text.HAL_NVIC_SetPriority
                0x0000000008001442       0x38 ./Drivers/STM32F1xx_HAL_Driver/Src/stm32f1xx_hal_cortex.o
                0x0000000008001442                HAL_NVIC_SetPriority
 .text.HAL_NVIC_EnableIRQ
                0x000000000800147a       0x1c ./Drivers/STM32F1xx_HAL_Driver/Src/stm32f1xx_hal_cortex.o
                0x000000000800147a                HAL_NVIC_EnableIRQ
 .text.HAL_SYSTICK_Config
                0x0000000008001496       0x18 ./Drivers/STM32F1xx_HAL_Driver/Src/stm32f1xx_hal_cortex.o
                0x0000000008001496                HAL_SYSTICK_Config
 *fill*         0x00000000080014ae        0x2 
 .text.HAL_GPIO_Init
                0x00000000080014b0      0x2f4 ./Drivers/STM32F1xx_HAL_Driver/Src/stm32f1xx_hal_gpio.o
                0x00000000080014b0                HAL_GPIO_Init
 .text.HAL_GPIO_ReadPin
                0x00000000080017a4       0x2e ./Drivers/STM32F1xx_HAL_Driver/Src/stm32f1xx_hal_gpio.o
                0x00000000080017a4                HAL_GPIO_ReadPin
 .text.HAL_GPIO_WritePin
                0x00000000080017d2       0x30 ./Drivers/STM32F1xx_HAL_Driver/Src/stm32f1xx_hal_gpio.o
                0x00000000080017d2                HAL_GPIO_WritePin
 *fill*         0x0000000008001802        0x2 
 .text.HAL_RCC_OscConfig
                0x0000000008001804      0x500 ./Drivers/STM32F1xx_HAL_Driver/Src/stm32f1xx_hal_rcc.o
                0x0000000008001804                HAL_RCC_OscConfig
 .text.HAL_RCC_ClockConfig
                0x0000000008001d04      0x1d4 ./Drivers/STM32F1xx_HAL_Driver/Src/stm32f1xx_hal_rcc.o
                0x0000000008001d04                HAL_RCC_ClockConfig
 .text.HAL_RCC_GetSysClockFreq
                0x0000000008001ed8       0xc0 ./Drivers/STM32F1xx_HAL_Driver/Src/stm32f1xx_hal_rcc.o
                0x0000000008001ed8                HAL_RCC_GetSysClockFreq
 .text.RCC_Delay
                0x0000000008001f98       0x3c ./Drivers/STM32F1xx_HAL_Driver/Src/stm32f1xx_hal_rcc.o
 .text.HAL_TIM_Base_Init
                0x0000000008001fd4       0x9e ./Drivers/STM32F1xx_HAL_Driver/Src/stm32f1xx_hal_tim.o
                0x0000000008001fd4                HAL_TIM_Base_Init
 *fill*         0x0000000008002072        0x2 
 .text.HAL_TIM_Base_Start_IT
                0x0000000008002074       0x98 ./Drivers/STM32F1xx_HAL_Driver/Src/stm32f1xx_hal_tim.o
                0x0000000008002074                HAL_TIM_Base_Start_IT
 .text.HAL_TIM_IRQHandler
                0x000000000800210c      0x210 ./Drivers/STM32F1xx_HAL_Driver/Src/stm32f1xx_hal_tim.o
                0x000000000800210c                HAL_TIM_IRQHandler
 .text.HAL_TIM_ConfigClockSource
                0x000000000800231c      0x188 ./Drivers/STM32F1xx_HAL_Driver/Src/stm32f1xx_hal_tim.o
                0x000000000800231c                HAL_TIM_ConfigClockSource
 .text.HAL_TIM_OC_DelayElapsedCallback
                0x00000000080024a4       0x12 ./Drivers/STM32F1xx_HAL_Driver/Src/stm32f1xx_hal_tim.o
                0x00000000080024a4                HAL_TIM_OC_DelayElapsedCallback
 .text.HAL_TIM_IC_CaptureCallback
                0x00000000080024b6       0x12 ./Drivers/STM32F1xx_HAL_Driver/Src/stm32f1xx_hal_tim.o
                0x00000000080024b6                HAL_TIM_IC_CaptureCallback
 .text.HAL_TIM_PWM_PulseFinishedCallback
                0x00000000080024c8       0x12 ./Drivers/STM32F1xx_HAL_Driver/Src/stm32f1xx_hal_tim.o
                0x00000000080024c8                HAL_TIM_PWM_PulseFinishedCallback
 .text.HAL_TIM_TriggerCallback
                0x00000000080024da       0x12 ./Drivers/STM32F1xx_HAL_Driver/Src/stm32f1xx_hal_tim.o
                0x00000000080024da                HAL_TIM_TriggerCallback
 .text.TIM_Base_SetConfig
                0x00000000080024ec       0xb0 ./Drivers/STM32F1xx_HAL_Driver/Src/stm32f1xx_hal_tim.o
                0x00000000080024ec                TIM_Base_SetConfig
 .text.TIM_TI1_ConfigInputStage
                0x000000000800259c       0x5c ./Drivers/STM32F1xx_HAL_Driver/Src/stm32f1xx_hal_tim.o
 .text.TIM_TI2_ConfigInputStage
                0x00000000080025f8       0x5e ./Drivers/STM32F1xx_HAL_Driver/Src/stm32f1xx_hal_tim.o
 .text.TIM_ITRx_SetConfig
                0x0000000008002656       0x34 ./Drivers/STM32F1xx_HAL_Driver/Src/stm32f1xx_hal_tim.o
 .text.TIM_ETR_SetConfig
                0x000000000800268a       0x3e ./Drivers/STM32F1xx_HAL_Driver/Src/stm32f1xx_hal_tim.o
                0x000000000800268a                TIM_ETR_SetConfig
 .text.HAL_TIMEx_MasterConfigSynchronization
                0x00000000080026c8       0xb0 ./Drivers/STM32F1xx_HAL_Driver/Src/stm32f1xx_hal_tim_ex.o
                0x00000000080026c8                HAL_TIMEx_MasterConfigSynchronization
 .text.HAL_TIMEx_CommutCallback
                0x0000000008002778       0x12 ./Drivers/STM32F1xx_HAL_Driver/Src/stm32f1xx_hal_tim_ex.o
                0x0000000008002778                HAL_TIMEx_CommutCallback
 .text.HAL_TIMEx_BreakCallback
                0x000000000800278a       0x12 ./Drivers/STM32F1xx_HAL_Driver/Src/stm32f1xx_hal_tim_ex.o
                0x000000000800278a                HAL_TIMEx_BreakCallback
 .text.__libc_init_array
                0x000000000800279c       0x48 d:/stm32cubeide_1.7.0/stm32cubeide/plugins/com.st.stm32cube.ide.mcu.externaltools.gnu-tools-for-stm32.9-2020-q2-update.win32_2.0.0.202105311346/tools/bin/../lib/gcc/arm-none-eabi/9.3.1/../../../../arm-none-eabi/lib/thumb/v7-m/nofp\libc_nano.a(lib_a-init.o)
                0x000000000800279c                __libc_init_array
 .text.memset   0x00000000080027e4       0x10 d:/stm32cubeide_1.7.0/stm32cubeide/plugins/com.st.stm32cube.ide.mcu.externaltools.gnu-tools-for-stm32.9-2020-q2-update.win32_2.0.0.202105311346/tools/bin/../lib/gcc/arm-none-eabi/9.3.1/../../../../arm-none-eabi/lib/thumb/v7-m/nofp\libc_nano.a(lib_a-memset.o)
                0x00000000080027e4                memset
 *(.glue_7)
 .glue_7        0x00000000080027f4        0x0 linker stubs
 *(.glue_7t)
 .glue_7t       0x00000000080027f4        0x0 linker stubs
 *(.eh_frame)
 .eh_frame      0x00000000080027f4        0x0 d:/stm32cubeide_1.7.0/stm32cubeide/plugins/com.st.stm32cube.ide.mcu.externaltools.gnu-tools-for-stm32.9-2020-q2-update.win32_2.0.0.202105311346/tools/bin/../lib/gcc/arm-none-eabi/9.3.1/thumb/v7-m/nofp/crtbegin.o
 *(.init)
 .init          0x00000000080027f4        0x4 d:/stm32cubeide_1.7.0/stm32cubeide/plugins/com.st.stm32cube.ide.mcu.externaltools.gnu-tools-for-stm32.9-2020-q2-update.win32_2.0.0.202105311346/tools/bin/../lib/gcc/arm-none-eabi/9.3.1/thumb/v7-m/nofp/crti.o
                0x00000000080027f4                _init
 .init          0x00000000080027f8        0x8 d:/stm32cubeide_1.7.0/stm32cubeide/plugins/com.st.stm32cube.ide.mcu.externaltools.gnu-tools-for-stm32.9-2020-q2-update.win32_2.0.0.202105311346/tools/bin/../lib/gcc/arm-none-eabi/9.3.1/thumb/v7-m/nofp/crtn.o
 *(.fini)
 .fini          0x0000000008002800        0x4 d:/stm32cubeide_1.7.0/stm32cubeide/plugins/com.st.stm32cube.ide.mcu.externaltools.gnu-tools-for-stm32.9-2020-q2-update.win32_2.0.0.202105311346/tools/bin/../lib/gcc/arm-none-eabi/9.3.1/thumb/v7-m/nofp/crti.o
                0x0000000008002800                _fini
 .fini          0x0000000008002804        0x8 d:/stm32cubeide_1.7.0/stm32cubeide/plugins/com.st.stm32cube.ide.mcu.externaltools.gnu-tools-for-stm32.9-2020-q2-update.win32_2.0.0.202105311346/tools/bin/../lib/gcc/arm-none-eabi/9.3.1/thumb/v7-m/nofp/crtn.o
                0x000000000800280c                . = ALIGN (0x4)
                0x000000000800280c                _etext = .

.vfp11_veneer   0x000000000800280c        0x0
 .vfp11_veneer  0x000000000800280c        0x0 linker stubs

.v4_bx          0x000000000800280c        0x0
 .v4_bx         0x000000000800280c        0x0 linker stubs

.iplt           0x000000000800280c        0x0
 .iplt          0x000000000800280c        0x0 d:/stm32cubeide_1.7.0/stm32cubeide/plugins/com.st.stm32cube.ide.mcu.externaltools.gnu-tools-for-stm32.9-2020-q2-update.win32_2.0.0.202105311346/tools/bin/../lib/gcc/arm-none-eabi/9.3.1/thumb/v7-m/nofp/crtbegin.o

.rodata         0x000000000800280c       0x2c
                0x000000000800280c                . = ALIGN (0x4)
 *(.rodata)
 .rodata        0x000000000800280c       0x10 ./Drivers/STM32F1xx_HAL_Driver/Src/stm32f1xx_hal_rcc.o
 *(.rodata*)
 .rodata.sevenSegTable
                0x000000000800281c        0xa ./Core/Src/fsm_run.o
                0x000000000800281c                sevenSegTable
 *fill*         0x0000000008002826        0x2 
 .rodata.AHBPrescTable
                0x0000000008002828       0x10 ./Core/Src/system_stm32f1xx.o
                0x0000000008002828                AHBPrescTable
                0x0000000008002838                . = ALIGN (0x4)

.rel.dyn        0x0000000008002838        0x0
 .rel.iplt      0x0000000008002838        0x0 d:/stm32cubeide_1.7.0/stm32cubeide/plugins/com.st.stm32cube.ide.mcu.externaltools.gnu-tools-for-stm32.9-2020-q2-update.win32_2.0.0.202105311346/tools/bin/../lib/gcc/arm-none-eabi/9.3.1/thumb/v7-m/nofp/crtbegin.o

.ARM.extab      0x0000000008002838        0x0
                0x0000000008002838                . = ALIGN (0x4)
 *(.ARM.extab* .gnu.linkonce.armextab.*)
                0x0000000008002838                . = ALIGN (0x4)

.ARM            0x0000000008002838        0x0
                0x0000000008002838                . = ALIGN (0x4)
                0x0000000008002838                __exidx_start = .
 *(.ARM.exidx*)
                0x0000000008002838                __exidx_end = .
                0x0000000008002838                . = ALIGN (0x4)

.preinit_array  0x0000000008002838        0x0
                0x0000000008002838                . = ALIGN (0x4)
                0x0000000008002838                PROVIDE (__preinit_array_start = .)
 *(.preinit_array*)
                0x0000000008002838                PROVIDE (__preinit_array_end = .)
                0x0000000008002838                . = ALIGN (0x4)

.init_array     0x0000000008002838        0x4
                0x0000000008002838                . = ALIGN (0x4)
                0x0000000008002838                PROVIDE (__init_array_start = .)
 *(SORT_BY_NAME(.init_array.*))
 *(.init_array*)
 .init_array    0x0000000008002838        0x4 d:/stm32cubeide_1.7.0/stm32cubeide/plugins/com.st.stm32cube.ide.mcu.externaltools.gnu-tools-for-stm32.9-2020-q2-update.win32_2.0.0.202105311346/tools/bin/../lib/gcc/arm-none-eabi/9.3.1/thumb/v7-m/nofp/crtbegin.o
                0x000000000800283c                PROVIDE (__init_array_end = .)
                0x000000000800283c                . = ALIGN (0x4)

.fini_array     0x000000000800283c        0x4
                0x000000000800283c                . = ALIGN (0x4)
                [!provide]                        PROVIDE (__fini_array_start = .)
 *(SORT_BY_NAME(.fini_array.*))
 *(.fini_array*)
 .fini_array    0x000000000800283c        0x4 d:/stm32cubeide_1.7.0/stm32cubeide/plugins/com.st.stm32cube.ide.mcu.externaltools.gnu-tools-for-stm32.9-2020-q2-update.win32_2.0.0.202105311346/tools/bin/../lib/gcc/arm-none-eabi/9.3.1/thumb/v7-m/nofp/crtbegin.o
                [!provide]                        PROVIDE (__fini_array_end = .)
                0x0000000008002840                . = ALIGN (0x4)
                0x0000000008002840                _sidata = LOADADDR (.data)

.data           0x0000000020000000       0xa4 load address 0x0000000008002840
                0x0000000020000000                . = ALIGN (0x4)
                0x0000000020000000                _sdata = .
 *(.data)
 *(.data*)
 .data.KeyReg0  0x0000000020000000        0x4 ./Core/Src/button1.o
 .data.KeyReg1  0x0000000020000004        0x4 ./Core/Src/button1.o
 .data.KeyReg2  0x0000000020000008        0x4 ./Core/Src/button1.o
 .data.KeyReg3  0x000000002000000c        0x4 ./Core/Src/button1.o
 .data.TimerForKeyPress
                0x0000000020000010        0x4 ./Core/Src/button1.o
 .data.KeyReg0  0x0000000020000014        0x4 ./Core/Src/button2.o
 .data.KeyReg1  0x0000000020000018        0x4 ./Core/Src/button2.o
 .data.KeyReg2  0x000000002000001c        0x4 ./Core/Src/button2.o
 .data.KeyReg3  0x0000000020000020        0x4 ./Core/Src/button2.o
 .data.TimerForKeyPress
                0x0000000020000024        0x4 ./Core/Src/button2.o
 .data.setRed   0x0000000020000028        0x4 ./Core/Src/button2.o
                0x0000000020000028                setRed
 .data.setYellow
                0x000000002000002c        0x4 ./Core/Src/button2.o
                0x000000002000002c                setYellow
 .data.setGreen
                0x0000000020000030        0x4 ./Core/Src/button2.o
                0x0000000020000030                setGreen
 .data.tempRed  0x0000000020000034        0x4 ./Core/Src/button2.o
                0x0000000020000034                tempRed
 .data.tempYellow
                0x0000000020000038        0x4 ./Core/Src/button2.o
                0x0000000020000038                tempYellow
 .data.tempGreen
                0x000000002000003c        0x4 ./Core/Src/button2.o
                0x000000002000003c                tempGreen
 .data.KeyReg0  0x0000000020000040        0x4 ./Core/Src/button3.o
 .data.KeyReg1  0x0000000020000044        0x4 ./Core/Src/button3.o
 .data.KeyReg2  0x0000000020000048        0x4 ./Core/Src/button3.o
 .data.KeyReg3  0x000000002000004c        0x4 ./Core/Src/button3.o
 .data.TimerForKeyPress
                0x0000000020000050        0x4 ./Core/Src/button3.o
 .data.Seg_Arr1
                0x0000000020000054       0x1c ./Core/Src/fsm_run.o
                0x0000000020000054                Seg_Arr1
 .data.Seg_Arr2
                0x0000000020000070       0x1c ./Core/Src/fsm_run.o
                0x0000000020000070                Seg_Arr2
 .data.counter1
                0x000000002000008c        0x4 ./Core/Src/fsm_run.o
                0x000000002000008c                counter1
 .data.counter3
                0x0000000020000090        0x4 ./Core/Src/fsm_run.o
                0x0000000020000090                counter3
 .data.counter4
                0x0000000020000094        0x4 ./Core/Src/fsm_run.o
                0x0000000020000094                counter4
 .data.SystemCoreClock
                0x0000000020000098        0x4 ./Core/Src/system_stm32f1xx.o
                0x0000000020000098                SystemCoreClock
 .data.uwTickPrio
                0x000000002000009c        0x4 ./Drivers/STM32F1xx_HAL_Driver/Src/stm32f1xx_hal.o
                0x000000002000009c                uwTickPrio
 .data.uwTickFreq
                0x00000000200000a0        0x1 ./Drivers/STM32F1xx_HAL_Driver/Src/stm32f1xx_hal.o
                0x00000000200000a0                uwTickFreq
 *(.RamFunc)
 *(.RamFunc*)
                0x00000000200000a4                . = ALIGN (0x4)
 *fill*         0x00000000200000a1        0x3 
                0x00000000200000a4                _edata = .

.igot.plt       0x00000000200000a4        0x0 load address 0x00000000080028e4
 .igot.plt      0x00000000200000a4        0x0 d:/stm32cubeide_1.7.0/stm32cubeide/plugins/com.st.stm32cube.ide.mcu.externaltools.gnu-tools-for-stm32.9-2020-q2-update.win32_2.0.0.202105311346/tools/bin/../lib/gcc/arm-none-eabi/9.3.1/thumb/v7-m/nofp/crtbegin.o
                0x00000000200000a4                . = ALIGN (0x4)

.bss            0x00000000200000a4       0xa0 load address 0x00000000080028e4
                0x00000000200000a4                _sbss = .
                0x00000000200000a4                __bss_start__ = _sbss
 *(.bss)
 .bss           0x00000000200000a4       0x1c d:/stm32cubeide_1.7.0/stm32cubeide/plugins/com.st.stm32cube.ide.mcu.externaltools.gnu-tools-for-stm32.9-2020-q2-update.win32_2.0.0.202105311346/tools/bin/../lib/gcc/arm-none-eabi/9.3.1/thumb/v7-m/nofp/crtbegin.o
 *(.bss*)
 .bss.KeyReg1Counter
                0x00000000200000c0        0x4 ./Core/Src/button1.o
                0x00000000200000c0                KeyReg1Counter
 .bss.ledIndex  0x00000000200000c4        0x4 ./Core/Src/fsm_run.o
                0x00000000200000c4                ledIndex
 .bss.status1   0x00000000200000c8        0x4 ./Core/Src/global.o
                0x00000000200000c8                status1
 .bss.status2   0x00000000200000cc        0x4 ./Core/Src/global.o
                0x00000000200000cc                status2
 .bss.status3   0x00000000200000d0        0x4 ./Core/Src/global.o
                0x00000000200000d0                status3
 .bss.timer1_flag
                0x00000000200000d4        0x4 ./Core/Src/software_timer.o
                0x00000000200000d4                timer1_flag
 .bss.timer2_flag
                0x00000000200000d8        0x4 ./Core/Src/software_timer.o
                0x00000000200000d8                timer2_flag
 .bss.timer3_flag
                0x00000000200000dc        0x4 ./Core/Src/software_timer.o
                0x00000000200000dc                timer3_flag
 .bss.timer1_counter
                0x00000000200000e0        0x4 ./Core/Src/software_timer.o
                0x00000000200000e0                timer1_counter
 .bss.timer2_counter
                0x00000000200000e4        0x4 ./Core/Src/software_timer.o
                0x00000000200000e4                timer2_counter
 .bss.timer3_counter
                0x00000000200000e8        0x4 ./Core/Src/software_timer.o
                0x00000000200000e8                timer3_counter
 *(COMMON)
 COMMON         0x00000000200000ec        0xc ./Core/Src/fsm_run.o
                0x00000000200000ec                timer2
                0x00000000200000f0                tempCounter
                0x00000000200000f4                timer1
 COMMON         0x00000000200000f8       0x48 ./Core/Src/main.o
                0x00000000200000f8                htim2
 COMMON         0x0000000020000140        0x4 ./Drivers/STM32F1xx_HAL_Driver/Src/stm32f1xx_hal.o
                0x0000000020000140                uwTick
                0x0000000020000144                . = ALIGN (0x4)
                0x0000000020000144                _ebss = .
                0x0000000020000144                __bss_end__ = _ebss

._user_heap_stack
                0x0000000020000144      0x604 load address 0x00000000080028e4
                0x0000000020000148                . = ALIGN (0x8)
 *fill*         0x0000000020000144        0x4 
                [!provide]                        PROVIDE (end = .)
                0x0000000020000148                PROVIDE (_end = .)
                0x0000000020000348                . = (. + _Min_Heap_Size)
 *fill*         0x0000000020000148      0x200 
                0x0000000020000748                . = (. + _Min_Stack_Size)
 *fill*         0x0000000020000348      0x400 
                0x0000000020000748                . = ALIGN (0x8)

/DISCARD/
 libc.a(*)
 libm.a(*)
 libgcc.a(*)

.ARM.attributes
                0x0000000000000000       0x29
 *(.ARM.attributes)
 .ARM.attributes
                0x0000000000000000       0x1d d:/stm32cubeide_1.7.0/stm32cubeide/plugins/com.st.stm32cube.ide.mcu.externaltools.gnu-tools-for-stm32.9-2020-q2-update.win32_2.0.0.202105311346/tools/bin/../lib/gcc/arm-none-eabi/9.3.1/thumb/v7-m/nofp/crti.o
 .ARM.attributes
                0x000000000000001d       0x2d d:/stm32cubeide_1.7.0/stm32cubeide/plugins/com.st.stm32cube.ide.mcu.externaltools.gnu-tools-for-stm32.9-2020-q2-update.win32_2.0.0.202105311346/tools/bin/../lib/gcc/arm-none-eabi/9.3.1/thumb/v7-m/nofp/crtbegin.o
 .ARM.attributes
                0x000000000000004a       0x2d ./Core/Src/button1.o
 .ARM.attributes
                0x0000000000000077       0x2d ./Core/Src/button2.o
 .ARM.attributes
                0x00000000000000a4       0x2d ./Core/Src/button3.o
 .ARM.attributes
                0x00000000000000d1       0x2d ./Core/Src/fsm_run.o
 .ARM.attributes
                0x00000000000000fe       0x33 ./Core/Src/global.o
 .ARM.attributes
                0x0000000000000131       0x2d ./Core/Src/main.o
 .ARM.attributes
                0x000000000000015e       0x2d ./Core/Src/software_timer.o
 .ARM.attributes
                0x000000000000018b       0x2d ./Core/Src/stm32f1xx_hal_msp.o
 .ARM.attributes
                0x00000000000001b8       0x2d ./Core/Src/stm32f1xx_it.o
 .ARM.attributes
                0x00000000000001e5       0x2d ./Core/Src/system_stm32f1xx.o
 .ARM.attributes
                0x0000000000000212       0x21 ./Core/Startup/startup_stm32f103c6ux.o
 .ARM.attributes
                0x0000000000000233       0x2d ./Drivers/STM32F1xx_HAL_Driver/Src/stm32f1xx_hal.o
 .ARM.attributes
                0x0000000000000260       0x2d ./Drivers/STM32F1xx_HAL_Driver/Src/stm32f1xx_hal_cortex.o
 .ARM.attributes
                0x000000000000028d       0x2d ./Drivers/STM32F1xx_HAL_Driver/Src/stm32f1xx_hal_gpio.o
 .ARM.attributes
                0x00000000000002ba       0x2d ./Drivers/STM32F1xx_HAL_Driver/Src/stm32f1xx_hal_rcc.o
 .ARM.attributes
                0x00000000000002e7       0x2d ./Drivers/STM32F1xx_HAL_Driver/Src/stm32f1xx_hal_tim.o
 .ARM.attributes
                0x0000000000000314       0x2d ./Drivers/STM32F1xx_HAL_Driver/Src/stm32f1xx_hal_tim_ex.o
 .ARM.attributes
                0x0000000000000341       0x2d d:/stm32cubeide_1.7.0/stm32cubeide/plugins/com.st.stm32cube.ide.mcu.externaltools.gnu-tools-for-stm32.9-2020-q2-update.win32_2.0.0.202105311346/tools/bin/../lib/gcc/arm-none-eabi/9.3.1/../../../../arm-none-eabi/lib/thumb/v7-m/nofp\libc_nano.a(lib_a-init.o)
 .ARM.attributes
                0x000000000000036e       0x2d d:/stm32cubeide_1.7.0/stm32cubeide/plugins/com.st.stm32cube.ide.mcu.externaltools.gnu-tools-for-stm32.9-2020-q2-update.win32_2.0.0.202105311346/tools/bin/../lib/gcc/arm-none-eabi/9.3.1/../../../../arm-none-eabi/lib/thumb/v7-m/nofp\libc_nano.a(lib_a-memset.o)
 .ARM.attributes
                0x000000000000039b       0x1d d:/stm32cubeide_1.7.0/stm32cubeide/plugins/com.st.stm32cube.ide.mcu.externaltools.gnu-tools-for-stm32.9-2020-q2-update.win32_2.0.0.202105311346/tools/bin/../lib/gcc/arm-none-eabi/9.3.1/thumb/v7-m/nofp/crtn.o
OUTPUT(Lab 3 Clean.elf elf32-littlearm)
LOAD linker stubs
LOAD d:/stm32cubeide_1.7.0/stm32cubeide/plugins/com.st.stm32cube.ide.mcu.externaltools.gnu-tools-for-stm32.9-2020-q2-update.win32_2.0.0.202105311346/tools/bin/../lib/gcc/arm-none-eabi/9.3.1/../../../../arm-none-eabi/lib/thumb/v7-m/nofp\libc.a
LOAD d:/stm32cubeide_1.7.0/stm32cubeide/plugins/com.st.stm32cube.ide.mcu.externaltools.gnu-tools-for-stm32.9-2020-q2-update.win32_2.0.0.202105311346/tools/bin/../lib/gcc/arm-none-eabi/9.3.1/../../../../arm-none-eabi/lib/thumb/v7-m/nofp\libm.a
LOAD d:/stm32cubeide_1.7.0/stm32cubeide/plugins/com.st.stm32cube.ide.mcu.externaltools.gnu-tools-for-stm32.9-2020-q2-update.win32_2.0.0.202105311346/tools/bin/../lib/gcc/arm-none-eabi/9.3.1/thumb/v7-m/nofp\libgcc.a

.debug_info     0x0000000000000000     0x9ee6
 .debug_info    0x0000000000000000      0x397 ./Core/Src/button1.o
 .debug_info    0x0000000000000397      0x3dd ./Core/Src/button2.o
 .debug_info    0x0000000000000774      0x389 ./Core/Src/button3.o
 .debug_info    0x0000000000000afd      0xd79 ./Core/Src/fsm_run.o
 .debug_info    0x0000000000001876      0x26e ./Core/Src/global.o
 .debug_info    0x0000000000001ae4      0xc77 ./Core/Src/main.o
 .debug_info    0x000000000000275b      0x140 ./Core/Src/software_timer.o
 .debug_info    0x000000000000289b      0xa04 ./Core/Src/stm32f1xx_hal_msp.o
 .debug_info    0x000000000000329f      0x7b4 ./Core/Src/stm32f1xx_it.o
 .debug_info    0x0000000000003a53      0x2be ./Core/Src/system_stm32f1xx.o
 .debug_info    0x0000000000003d11       0x22 ./Core/Startup/startup_stm32f103c6ux.o
 .debug_info    0x0000000000003d33      0x74c ./Drivers/STM32F1xx_HAL_Driver/Src/stm32f1xx_hal.o
 .debug_info    0x000000000000447f      0xbbe ./Drivers/STM32F1xx_HAL_Driver/Src/stm32f1xx_hal_cortex.o
 .debug_info    0x000000000000503d      0x701 ./Drivers/STM32F1xx_HAL_Driver/Src/stm32f1xx_hal_gpio.o
 .debug_info    0x000000000000573e      0x88e ./Drivers/STM32F1xx_HAL_Driver/Src/stm32f1xx_hal_rcc.o
 .debug_info    0x0000000000005fcc     0x2a45 ./Drivers/STM32F1xx_HAL_Driver/Src/stm32f1xx_hal_tim.o
 .debug_info    0x0000000000008a11     0x14d5 ./Drivers/STM32F1xx_HAL_Driver/Src/stm32f1xx_hal_tim_ex.o

.debug_abbrev   0x0000000000000000     0x1c38
 .debug_abbrev  0x0000000000000000      0x12e ./Core/Src/button1.o
 .debug_abbrev  0x000000000000012e      0x12e ./Core/Src/button2.o
 .debug_abbrev  0x000000000000025c      0x11f ./Core/Src/button3.o
 .debug_abbrev  0x000000000000037b      0x27f ./Core/Src/fsm_run.o
 .debug_abbrev  0x00000000000005fa       0xa9 ./Core/Src/global.o
 .debug_abbrev  0x00000000000006a3      0x235 ./Core/Src/main.o
 .debug_abbrev  0x00000000000008d8       0xb4 ./Core/Src/software_timer.o
 .debug_abbrev  0x000000000000098c      0x1b7 ./Core/Src/stm32f1xx_hal_msp.o
 .debug_abbrev  0x0000000000000b43      0x176 ./Core/Src/stm32f1xx_it.o
 .debug_abbrev  0x0000000000000cb9      0x14e ./Core/Src/system_stm32f1xx.o
 .debug_abbrev  0x0000000000000e07       0x12 ./Core/Startup/startup_stm32f103c6ux.o
 .debug_abbrev  0x0000000000000e19      0x1ed ./Drivers/STM32F1xx_HAL_Driver/Src/stm32f1xx_hal.o
 .debug_abbrev  0x0000000000001006      0x313 ./Drivers/STM32F1xx_HAL_Driver/Src/stm32f1xx_hal_cortex.o
 .debug_abbrev  0x0000000000001319      0x1e8 ./Drivers/STM32F1xx_HAL_Driver/Src/stm32f1xx_hal_gpio.o
 .debug_abbrev  0x0000000000001501      0x273 ./Drivers/STM32F1xx_HAL_Driver/Src/stm32f1xx_hal_rcc.o
 .debug_abbrev  0x0000000000001774      0x25e ./Drivers/STM32F1xx_HAL_Driver/Src/stm32f1xx_hal_tim.o
 .debug_abbrev  0x00000000000019d2      0x266 ./Drivers/STM32F1xx_HAL_Driver/Src/stm32f1xx_hal_tim_ex.o

.debug_aranges  0x0000000000000000      0xa58
 .debug_aranges
                0x0000000000000000       0x30 ./Core/Src/button1.o
 .debug_aranges
                0x0000000000000030       0x30 ./Core/Src/button2.o
 .debug_aranges
                0x0000000000000060       0x30 ./Core/Src/button3.o
 .debug_aranges
                0x0000000000000090       0x48 ./Core/Src/fsm_run.o
 .debug_aranges
                0x00000000000000d8       0x18 ./Core/Src/global.o
 .debug_aranges
                0x00000000000000f0       0x48 ./Core/Src/main.o
 .debug_aranges
                0x0000000000000138       0x38 ./Core/Src/software_timer.o
 .debug_aranges
                0x0000000000000170       0x30 ./Core/Src/stm32f1xx_hal_msp.o
 .debug_aranges
                0x00000000000001a0       0x68 ./Core/Src/stm32f1xx_it.o
 .debug_aranges
                0x0000000000000208       0x28 ./Core/Src/system_stm32f1xx.o
 .debug_aranges
                0x0000000000000230       0x28 ./Core/Startup/startup_stm32f103c6ux.o
 .debug_aranges
                0x0000000000000258       0xe0 ./Drivers/STM32F1xx_HAL_Driver/Src/stm32f1xx_hal.o
 .debug_aranges
                0x0000000000000338      0x100 ./Drivers/STM32F1xx_HAL_Driver/Src/stm32f1xx_hal_cortex.o
 .debug_aranges
                0x0000000000000438       0x58 ./Drivers/STM32F1xx_HAL_Driver/Src/stm32f1xx_hal_gpio.o
 .debug_aranges
                0x0000000000000490       0x90 ./Drivers/STM32F1xx_HAL_Driver/Src/stm32f1xx_hal_rcc.o
 .debug_aranges
                0x0000000000000520      0x3d0 ./Drivers/STM32F1xx_HAL_Driver/Src/stm32f1xx_hal_tim.o
 .debug_aranges
                0x00000000000008f0      0x168 ./Drivers/STM32F1xx_HAL_Driver/Src/stm32f1xx_hal_tim_ex.o

.debug_ranges   0x0000000000000000      0x948
 .debug_ranges  0x0000000000000000       0x20 ./Core/Src/button1.o
 .debug_ranges  0x0000000000000020       0x20 ./Core/Src/button2.o
 .debug_ranges  0x0000000000000040       0x20 ./Core/Src/button3.o
 .debug_ranges  0x0000000000000060       0x38 ./Core/Src/fsm_run.o
 .debug_ranges  0x0000000000000098       0x38 ./Core/Src/main.o
 .debug_ranges  0x00000000000000d0       0x28 ./Core/Src/software_timer.o
 .debug_ranges  0x00000000000000f8       0x20 ./Core/Src/stm32f1xx_hal_msp.o
 .debug_ranges  0x0000000000000118       0x58 ./Core/Src/stm32f1xx_it.o
 .debug_ranges  0x0000000000000170       0x18 ./Core/Src/system_stm32f1xx.o
 .debug_ranges  0x0000000000000188       0x20 ./Core/Startup/startup_stm32f103c6ux.o
 .debug_ranges  0x00000000000001a8       0xd0 ./Drivers/STM32F1xx_HAL_Driver/Src/stm32f1xx_hal.o
 .debug_ranges  0x0000000000000278       0xf0 ./Drivers/STM32F1xx_HAL_Driver/Src/stm32f1xx_hal_cortex.o
 .debug_ranges  0x0000000000000368       0x48 ./Drivers/STM32F1xx_HAL_Driver/Src/stm32f1xx_hal_gpio.o
 .debug_ranges  0x00000000000003b0       0x80 ./Drivers/STM32F1xx_HAL_Driver/Src/stm32f1xx_hal_rcc.o
 .debug_ranges  0x0000000000000430      0x3c0 ./Drivers/STM32F1xx_HAL_Driver/Src/stm32f1xx_hal_tim.o
 .debug_ranges  0x00000000000007f0      0x158 ./Drivers/STM32F1xx_HAL_Driver/Src/stm32f1xx_hal_tim_ex.o

.debug_macro    0x0000000000000000    0x176f3
 .debug_macro   0x0000000000000000      0x1f9 ./Core/Src/button1.o
 .debug_macro   0x00000000000001f9      0xa9c ./Core/Src/button1.o
 .debug_macro   0x0000000000000c95      0x215 ./Core/Src/button1.o
 .debug_macro   0x0000000000000eaa       0x2e ./Core/Src/button1.o
 .debug_macro   0x0000000000000ed8       0x22 ./Core/Src/button1.o
 .debug_macro   0x0000000000000efa       0x22 ./Core/Src/button1.o
 .debug_macro   0x0000000000000f1c       0x8e ./Core/Src/button1.o
 .debug_macro   0x0000000000000faa       0x51 ./Core/Src/button1.o
 .debug_macro   0x0000000000000ffb      0x103 ./Core/Src/button1.o
 .debug_macro   0x00000000000010fe       0x6a ./Core/Src/button1.o
 .debug_macro   0x0000000000001168      0x1df ./Core/Src/button1.o
 .debug_macro   0x0000000000001347       0x1c ./Core/Src/button1.o
 .debug_macro   0x0000000000001363       0x22 ./Core/Src/button1.o
 .debug_macro   0x0000000000001385       0xc3 ./Core/Src/button1.o
 .debug_macro   0x0000000000001448      0xd23 ./Core/Src/button1.o
 .debug_macro   0x000000000000216b     0xde75 ./Core/Src/button1.o
 .debug_macro   0x000000000000ffe0       0x6d ./Core/Src/button1.o
 .debug_macro   0x000000000001004d     0x3468 ./Core/Src/button1.o
 .debug_macro   0x00000000000134b5      0x174 ./Core/Src/button1.o
 .debug_macro   0x0000000000013629       0x5c ./Core/Src/button1.o
 .debug_macro   0x0000000000013685      0x5be ./Core/Src/button1.o
 .debug_macro   0x0000000000013c43      0x1b7 ./Core/Src/button1.o
 .debug_macro   0x0000000000013dfa      0x1cb ./Core/Src/button1.o
 .debug_macro   0x0000000000013fc5      0x114 ./Core/Src/button1.o
 .debug_macro   0x00000000000140d9      0x1b2 ./Core/Src/button1.o
 .debug_macro   0x000000000001428b       0x27 ./Core/Src/button1.o
 .debug_macro   0x00000000000142b2      0x12f ./Core/Src/button1.o
 .debug_macro   0x00000000000143e1      0x1bc ./Core/Src/button1.o
 .debug_macro   0x000000000001459d       0x34 ./Core/Src/button1.o
 .debug_macro   0x00000000000145d1       0x3c ./Core/Src/button1.o
 .debug_macro   0x000000000001460d       0x57 ./Core/Src/button1.o
 .debug_macro   0x0000000000014664       0x88 ./Core/Src/button1.o
 .debug_macro   0x00000000000146ec      0x183 ./Core/Src/button1.o
 .debug_macro   0x000000000001486f      0x141 ./Core/Src/button1.o
 .debug_macro   0x00000000000149b0      0x8d1 ./Core/Src/button1.o
 .debug_macro   0x0000000000015281       0x69 ./Core/Src/button1.o
 .debug_macro   0x00000000000152ea      0x148 ./Core/Src/button1.o
 .debug_macro   0x0000000000015432       0x10 ./Core/Src/button1.o
 .debug_macro   0x0000000000015442       0x16 ./Core/Src/button1.o
 .debug_macro   0x0000000000015458       0x52 ./Core/Src/button1.o
 .debug_macro   0x00000000000154aa       0x10 ./Core/Src/button1.o
 .debug_macro   0x00000000000154ba      0x1f9 ./Core/Src/button2.o
 .debug_macro   0x00000000000156b3      0x1f9 ./Core/Src/button3.o
 .debug_macro   0x00000000000158ac       0x16 ./Core/Src/button3.o
 .debug_macro   0x00000000000158c2       0x10 ./Core/Src/button3.o
 .debug_macro   0x00000000000158d2      0x29e ./Core/Src/fsm_run.o
 .debug_macro   0x0000000000015b70       0x52 ./Core/Src/fsm_run.o
 .debug_macro   0x0000000000015bc2       0x18 ./Core/Src/fsm_run.o
 .debug_macro   0x0000000000015bda       0x3c ./Core/Src/fsm_run.o
 .debug_macro   0x0000000000015c16       0x34 ./Core/Src/fsm_run.o
 .debug_macro   0x0000000000015c4a       0x16 ./Core/Src/fsm_run.o
 .debug_macro   0x0000000000015c60       0x43 ./Core/Src/fsm_run.o
 .debug_macro   0x0000000000015ca3       0x34 ./Core/Src/fsm_run.o
 .debug_macro   0x0000000000015cd7       0x10 ./Core/Src/fsm_run.o
 .debug_macro   0x0000000000015ce7       0x58 ./Core/Src/fsm_run.o
 .debug_macro   0x0000000000015d3f       0x71 ./Core/Src/fsm_run.o
 .debug_macro   0x0000000000015db0       0x1c ./Core/Src/fsm_run.o
 .debug_macro   0x0000000000015dcc      0x12a ./Core/Src/fsm_run.o
 .debug_macro   0x0000000000015ef6      0x333 ./Core/Src/fsm_run.o
 .debug_macro   0x0000000000016229      0x1a9 ./Core/Src/fsm_run.o
 .debug_macro   0x00000000000163d2      0x1ef ./Core/Src/global.o
 .debug_macro   0x00000000000165c1      0x1ef ./Core/Src/main.o
 .debug_macro   0x00000000000167b0       0x21 ./Core/Src/software_timer.o
 .debug_macro   0x00000000000167d1      0x1a7 ./Core/Src/stm32f1xx_hal_msp.o
 .debug_macro   0x0000000000016978      0x1b1 ./Core/Src/stm32f1xx_it.o
 .debug_macro   0x0000000000016b29      0x198 ./Core/Src/system_stm32f1xx.o
 .debug_macro   0x0000000000016cc1      0x1bc ./Drivers/STM32F1xx_HAL_Driver/Src/stm32f1xx_hal.o
 .debug_macro   0x0000000000016e7d      0x198 ./Drivers/STM32F1xx_HAL_Driver/Src/stm32f1xx_hal_cortex.o
 .debug_macro   0x0000000000017015      0x203 ./Drivers/STM32F1xx_HAL_Driver/Src/stm32f1xx_hal_gpio.o
 .debug_macro   0x0000000000017218      0x1aa ./Drivers/STM32F1xx_HAL_Driver/Src/stm32f1xx_hal_rcc.o
 .debug_macro   0x00000000000173c2      0x199 ./Drivers/STM32F1xx_HAL_Driver/Src/stm32f1xx_hal_tim.o
 .debug_macro   0x000000000001755b      0x198 ./Drivers/STM32F1xx_HAL_Driver/Src/stm32f1xx_hal_tim_ex.o

.debug_line     0x0000000000000000     0xba7b
 .debug_line    0x0000000000000000      0x727 ./Core/Src/button1.o
 .debug_line    0x0000000000000727      0x75c ./Core/Src/button2.o
 .debug_line    0x0000000000000e83      0x746 ./Core/Src/button3.o
 .debug_line    0x00000000000015c9      0xb44 ./Core/Src/fsm_run.o
 .debug_line    0x000000000000210d      0x689 ./Core/Src/global.o
 .debug_line    0x0000000000002796      0x7d2 ./Core/Src/main.o
 .debug_line    0x0000000000002f68      0x10a ./Core/Src/software_timer.o
 .debug_line    0x0000000000003072      0x695 ./Core/Src/stm32f1xx_hal_msp.o
 .debug_line    0x0000000000003707      0x733 ./Core/Src/stm32f1xx_it.o
 .debug_line    0x0000000000003e3a      0x6d7 ./Core/Src/system_stm32f1xx.o
 .debug_line    0x0000000000004511       0x87 ./Core/Startup/startup_stm32f103c6ux.o
 .debug_line    0x0000000000004598      0x904 ./Drivers/STM32F1xx_HAL_Driver/Src/stm32f1xx_hal.o
 .debug_line    0x0000000000004e9c      0xaec ./Drivers/STM32F1xx_HAL_Driver/Src/stm32f1xx_hal_cortex.o
 .debug_line    0x0000000000005988      0x985 ./Drivers/STM32F1xx_HAL_Driver/Src/stm32f1xx_hal_gpio.o
 .debug_line    0x000000000000630d      0xd12 ./Drivers/STM32F1xx_HAL_Driver/Src/stm32f1xx_hal_rcc.o
 .debug_line    0x000000000000701f     0x3262 ./Drivers/STM32F1xx_HAL_Driver/Src/stm32f1xx_hal_tim.o
 .debug_line    0x000000000000a281     0x17fa ./Drivers/STM32F1xx_HAL_Driver/Src/stm32f1xx_hal_tim_ex.o

.debug_str      0x0000000000000000    0x85bbd
 .debug_str     0x0000000000000000    0x7f7f2 ./Core/Src/button1.o
                                      0x7fb67 (size before relaxing)
 .debug_str     0x000000000007f7f2       0x38 ./Core/Src/button2.o
                                      0x7fb67 (size before relaxing)
 .debug_str     0x000000000007f82a       0x38 ./Core/Src/button3.o
                                      0x7fb67 (size before relaxing)
 .debug_str     0x000000000007f862     0x39c1 ./Core/Src/fsm_run.o
                                      0x83559 (size before relaxing)
 .debug_str     0x0000000000083223       0x15 ./Core/Src/global.o
                                      0x7fabb (size before relaxing)
 .debug_str     0x0000000000083238      0x6df ./Core/Src/main.o
                                      0x80282 (size before relaxing)
 .debug_str     0x0000000000083917       0x64 ./Core/Src/software_timer.o
                                       0x2e03 (size before relaxing)
 .debug_str     0x000000000008397b      0x2ba ./Core/Src/stm32f1xx_hal_msp.o
                                      0x800e7 (size before relaxing)
 .debug_str     0x0000000000083c35       0xcd ./Core/Src/stm32f1xx_it.o
                                      0x7fe49 (size before relaxing)
 .debug_str     0x0000000000083d02       0x52 ./Core/Src/system_stm32f1xx.o
                                      0x7f4ee (size before relaxing)
 .debug_str     0x0000000000083d54       0x36 ./Core/Startup/startup_stm32f103c6ux.o
                                         0x59 (size before relaxing)
 .debug_str     0x0000000000083d8a      0x304 ./Drivers/STM32F1xx_HAL_Driver/Src/stm32f1xx_hal.o
                                      0x7fb45 (size before relaxing)
 .debug_str     0x000000000008408e      0x300 ./Drivers/STM32F1xx_HAL_Driver/Src/stm32f1xx_hal_cortex.o
                                      0x7fb4d (size before relaxing)
 .debug_str     0x000000000008438e      0x324 ./Drivers/STM32F1xx_HAL_Driver/Src/stm32f1xx_hal_gpio.o
                                      0x7f8b2 (size before relaxing)
 .debug_str     0x00000000000846b2      0x24f ./Drivers/STM32F1xx_HAL_Driver/Src/stm32f1xx_hal_rcc.o
                                      0x7f8eb (size before relaxing)
 .debug_str     0x0000000000084901      0xdce ./Drivers/STM32F1xx_HAL_Driver/Src/stm32f1xx_hal_tim.o
                                      0x808bd (size before relaxing)
 .debug_str     0x00000000000856cf      0x4ee ./Drivers/STM32F1xx_HAL_Driver/Src/stm32f1xx_hal_tim_ex.o
                                      0x8006e (size before relaxing)

.comment        0x0000000000000000       0x53
 .comment       0x0000000000000000       0x53 ./Core/Src/button1.o
                                         0x54 (size before relaxing)
 .comment       0x0000000000000053       0x54 ./Core/Src/button2.o
 .comment       0x0000000000000053       0x54 ./Core/Src/button3.o
 .comment       0x0000000000000053       0x54 ./Core/Src/fsm_run.o
 .comment       0x0000000000000053       0x54 ./Core/Src/global.o
 .comment       0x0000000000000053       0x54 ./Core/Src/main.o
 .comment       0x0000000000000053       0x54 ./Core/Src/software_timer.o
 .comment       0x0000000000000053       0x54 ./Core/Src/stm32f1xx_hal_msp.o
 .comment       0x0000000000000053       0x54 ./Core/Src/stm32f1xx_it.o
 .comment       0x0000000000000053       0x54 ./Core/Src/system_stm32f1xx.o
 .comment       0x0000000000000053       0x54 ./Drivers/STM32F1xx_HAL_Driver/Src/stm32f1xx_hal.o
 .comment       0x0000000000000053       0x54 ./Drivers/STM32F1xx_HAL_Driver/Src/stm32f1xx_hal_cortex.o
 .comment       0x0000000000000053       0x54 ./Drivers/STM32F1xx_HAL_Driver/Src/stm32f1xx_hal_gpio.o
 .comment       0x0000000000000053       0x54 ./Drivers/STM32F1xx_HAL_Driver/Src/stm32f1xx_hal_rcc.o
 .comment       0x0000000000000053       0x54 ./Drivers/STM32F1xx_HAL_Driver/Src/stm32f1xx_hal_tim.o
 .comment       0x0000000000000053       0x54 ./Drivers/STM32F1xx_HAL_Driver/Src/stm32f1xx_hal_tim_ex.o

.debug_frame    0x0000000000000000     0x287c
 .debug_frame   0x0000000000000000       0x68 ./Core/Src/button1.o
 .debug_frame   0x0000000000000068       0x68 ./Core/Src/button2.o
 .debug_frame   0x00000000000000d0       0x68 ./Core/Src/button3.o
 .debug_frame   0x0000000000000138       0xd0 ./Core/Src/fsm_run.o
 .debug_frame   0x0000000000000208       0xd4 ./Core/Src/main.o
 .debug_frame   0x00000000000002dc       0xa8 ./Core/Src/software_timer.o
 .debug_frame   0x0000000000000384       0x80 ./Core/Src/stm32f1xx_hal_msp.o
 .debug_frame   0x0000000000000404      0x120 ./Core/Src/stm32f1xx_it.o
 .debug_frame   0x0000000000000524       0x58 ./Core/Src/system_stm32f1xx.o
 .debug_frame   0x000000000000057c      0x334 ./Drivers/STM32F1xx_HAL_Driver/Src/stm32f1xx_hal.o
 .debug_frame   0x00000000000008b0      0x428 ./Drivers/STM32F1xx_HAL_Driver/Src/stm32f1xx_hal_cortex.o
 .debug_frame   0x0000000000000cd8      0x14c ./Drivers/STM32F1xx_HAL_Driver/Src/stm32f1xx_hal_gpio.o
 .debug_frame   0x0000000000000e24      0x21c ./Drivers/STM32F1xx_HAL_Driver/Src/stm32f1xx_hal_rcc.o
 .debug_frame   0x0000000000001040     0x11b8 ./Drivers/STM32F1xx_HAL_Driver/Src/stm32f1xx_hal_tim.o
 .debug_frame   0x00000000000021f8      0x638 ./Drivers/STM32F1xx_HAL_Driver/Src/stm32f1xx_hal_tim_ex.o
 .debug_frame   0x0000000000002830       0x2c d:/stm32cubeide_1.7.0/stm32cubeide/plugins/com.st.stm32cube.ide.mcu.externaltools.gnu-tools-for-stm32.9-2020-q2-update.win32_2.0.0.202105311346/tools/bin/../lib/gcc/arm-none-eabi/9.3.1/../../../../arm-none-eabi/lib/thumb/v7-m/nofp\libc_nano.a(lib_a-init.o)
 .debug_frame   0x000000000000285c       0x20 d:/stm32cubeide_1.7.0/stm32cubeide/plugins/com.st.stm32cube.ide.mcu.externaltools.gnu-tools-for-stm32.9-2020-q2-update.win32_2.0.0.202105311346/tools/bin/../lib/gcc/arm-none-eabi/9.3.1/../../../../arm-none-eabi/lib/thumb/v7-m/nofp\libc_nano.a(lib_a-memset.o)
