../Core/Src/main.c:77:5:main	8	static
../Core/Src/main.c:129:6:SystemClock_Config	72	static
../Core/Src/main.c:167:13:MX_IWDG_Init	8	static
../Core/Src/main.c:195:13:MX_TIM2_Init	32	static
../Core/Src/main.c:240:13:MX_GPIO_Init	32	static
../Core/Src/main.c:260:6:HAL_TIM_PeriodElapsedCallback	16	static
../Core/Src/main.c:266:6:Watchdog_Refresh	8	static
../Core/Src/main.c:271:15:Is_Watchdog_Reset	4	static
../Core/Src/main.c:279:6:Watchdog_Counting	4	static
../Core/Src/main.c:283:6:Reset_Watchdog_Counting	4	static
../Core/Src/main.c:295:6:Error_Handler	4	static,ignoring_inline_asm
